<html>
<body>
<pre>
<h1>礦ision Build Log</h1>
<h2>Tool Versions:</h2>
IDE-Version: μVision V5.38.0.0
Copyright (C) 2022 ARM Ltd and ARM Germany GmbH. All rights reserved.
License Information: zz Lenovo, zz, LIC=76F5U-SWYVS-X7VRZ-J1YBS-YFS8E-KLIH8
 
Tool Versions:
Toolchain:       MDK-ARM Plus  Version: 5.38.0.0
Toolchain Path:  D:\Keil5\ARM\ARMCC5\Bin
C Compiler:      Armcc.exe V5.06 update 7 (build 960)
Assembler:       Armasm.exe V5.06 update 7 (build 960)
Linker/Locator:  ArmLink.exe V5.06 update 7 (build 960)
Library Manager: ArmAr.exe V5.06 update 7 (build 960)
Hex Converter:   FromElf.exe V5.06 update 7 (build 960)
CPU DLL:         SARMCM3.DLL V5.38.0.0
Dialog DLL:      DCM.DLL V1.17.5.0
Target DLL:      STLink\ST-LINKIII-KEIL_SWO.dll V3.1.0.0
Dialog DLL:      TCM.DLL V1.56.4.0
 
<h2>Project:</h2>
P:\产业\1.B站运营\资料\带广告引流\STM32基于机智云的智能温室大棚系统\1.程序\Project.uvprojx
Project File Date:  04/09/2024

<h2>Output:</h2>
*** Using Compiler 'V5.06 update 7 (build 960)', folder: 'D:\Keil5\ARM\ARMCC5\Bin'
Rebuild target 'Target 1'
assembling startup_stm32f10x_md.s...
compiling core_cm3.c...
compiling misc.c...
compiling stm32f10x_exti.c...
compiling stm32f10x_can.c...
compiling stm32f10x_sdio.c...
compiling stm32f10x_dma.c...
compiling stm32f10x_gpio.c...
compiling stm32f10x_rtc.c...
compiling stm32f10x_fsmc.c...
compiling stm32f10x_dbgmcu.c...
compiling stm32f10x_rcc.c...
compiling system_stm32f10x.c...
compiling stm32f10x_adc.c...
compiling stm32f10x_cec.c...
compiling stm32f10x_dac.c...
compiling stm32f10x_iwdg.c...
compiling stm32f10x_bkp.c...
compiling stm32f10x_pwr.c...
compiling stm32f10x_wwdg.c...
compiling stm32f10x_spi.c...
compiling stm32f10x_crc.c...
compiling stm32f10x_i2c.c...
compiling stm32f10x_tim.c...
compiling stm32f10x_usart.c...
compiling stm32f10x_flash.c...
compiling main.c...
compiling Buzzer.c...
compiling stm32f10x_it.c...
compiling DHT11.c...
compiling LED.c...
compiling Key.c...
compiling LDR.c...
compiling DS18B20.c...
compiling Motor.c...
compiling Relay.c...
compiling OLED.c...
compiling ADCX.c...
compiling YL_69.c...
compiling Delay.c...
compiling Flash.c...
compiling common.c...
compiling dataPointTools.c...
compiling IWDG.c...
compiling TIM2.c...
compiling Usart3.c...
compiling gagent_md5.c...
compiling TIM3.c...
compiling Usart.c...
System\Usart.c(123): warning:  #550-D: variable "Res"  was set but never used
  		u8 Res;
System\Usart.c: 1 warning, 0 errors
compiling ringbuffer.c...
compiling gizwits_product.c...
compiling gizwits_protocol.c...
linking...
Program Size: Code=31874 RO-data=2950 RW-data=108 ZI-data=3388  
".\Objects\Project.axf" - 0 Error(s), 1 Warning(s).

<h2>Software Packages used:</h2>

Package Vendor: Keil
                https://www.keil.com/pack/Keil.STM32F1xx_DFP.2.4.1.pack
                Keil.STM32F1xx_DFP.2.4.1
                STMicroelectronics STM32F1 Series Device Support, Drivers and Examples

<h2>Collection of Component include folders:</h2>
  D:/Keil5/Packs/Keil/STM32F1xx_DFP/2.4.1/Device/Include

<h2>Collection of Component Files used:</h2>
Build Time Elapsed:  00:00:02
</pre>
</body>
</html>
